
> my-portfolio@0.0.0 build
> vite build

[36mvite v7.3.0 [32mbuilding client environment for production...[36m[39m
transforming...
[32mΓ£ô[39m 16 modules transformed.
node.exe : 
[31mΓ£ù[39m Build 
failed in 435ms
At C:\Program Files\n
odejs\npm.ps1:29 
char:3
+   & $NODE_EXE 
$NPM_CLI_JS $args
+   ~~~~~~~~~~~~~~~~~
~~~~~~~~~~~~
    + CategoryInfo   
           : NotSpe  
  cified: ([31mΓ£   
 ù[39m Build fai    
led in 435ms:Str    
ing) [], RemoteE    
xception
    + FullyQualified 
   ErrorId : Native  
  CommandError
 
[31merror during 
build:
[31m[vite:esbuild] 
Transform failed 
with 1 error:
C:/Users/HP/Documents
/portfolio/src/compon
ents/sections/Hero.js
x:44:4: ERROR: 
Unexpected 
"return"[31m
file: [36mC:/Users/H
P/Documents/portfolio
/src/components/secti
ons/Hero.jsx:44:4[31
m
[33m
[33mUnexpected 
"return"[33m
42 |  
43 |      return (
44 |      return (
   |      ^
45 |          
<section
46 |              
ref={containerRef}
[31m
    at 
failureErrorWithLog (
C:\Users\HP\Documents
\portfolio\node_modul
es\esbuild\lib\main.j
s:1467:15)
    at C:\Users\HP\Do
cuments\portfolio\nod
e_modules\esbuild\lib
\main.js:736:50
    at responseCallba
cks.<computed> (C:\Us
ers\HP\Documents\port
folio\node_modules\es
build\lib\main.js:603
:9)
    at 
handleIncomingPacket 
(C:\Users\HP\Document
s\portfolio\node_modu
les\esbuild\lib\main.
js:658:12)
    at Socket.readFro
mStdout (C:\Users\HP\
Documents\portfolio\n
ode_modules\esbuild\l
ib\main.js:581:7)
    at Socket.emit 
(node:events:507:28)
    at addChunk (node
:internal/streams/rea
dable:559:12)
    at readableAddChu
nkPushByteMode (node:
internal/streams/read
able:510:3)
    at Readable.push 
(node:internal/stream
s/readable:390:5)
    at 
Pipe.onStreamRead (no
de:internal/stream_ba
se_commons:189:23)[3
9m
